This is pdfTeX, Version 3.141592653-2.6-1.40.23 (TeX Live 2021/W32TeX) (preloaded format=pdflatex 2021.9.20)  10 APR 2025 14:26
entering extended mode
 restricted \write18 enabled.
 %&-line parsing enabled.
**Zaver.tex
(./Zaver.tex
LaTeX2e <2021-06-01> patch level 1
L3 programming layer <2021-08-27>

! LaTeX Error: Missing \begin{document}.

See the LaTeX manual or LaTeX Companion for explanation.
Type  H <return>  for immediate help.
 ...                                              
                                                  
l.1 +
     +
You're in trouble here.  Try typing  <return>  to proceed.
If that doesn't work, type  X <return>  to quit.

Missing character: There is no + in font nullfont!
Missing character: There is no + in font nullfont!
)
! Emergency stop.
<*> Zaver.tex
             
*** (job aborted, no legal \end found)

 
Here is how much of TeX's memory you used:
 16 strings out of 480437
 382 string characters out of 5898174
 286066 words of memory out of 5000000
 17770 multiletter control sequences out of 15000+600000
 403430 words of font info for 27 fonts, out of 8000000 for 9000
 46 hyphenation exceptions out of 8191
 13i,0n,12p,44b,14s stack positions out of 5000i,500n,10000p,200000b,80000s
!  ==> Fatal error occurred, no output PDF file produced!
